d:\general info\new folder (10)\lamancha-engine\enginesource\lamancha\x64\debug\vc143.pdb
d:\general info\new folder (10)\lamancha-engine\enginesource\lamancha\x64\debug\vc143.idb
d:\general info\new folder (10)\lamancha-engine\enginesource\lamancha\x64\debug\tinycthread.obj
d:\general info\new folder (10)\lamancha-engine\enginesource\lamancha\x64\debug\ini.obj
d:\general info\new folder (10)\lamancha-engine\enginesource\lamancha\x64\debug\getopt.obj
d:\general info\new folder (10)\lamancha-engine\enginesource\lamancha\x64\debug\lamancha.pch
d:\general info\new folder (10)\lamancha-engine\enginesource\lamancha\x64\debug\inireader.obj
d:\general info\new folder (10)\lamancha-engine\enginesource\lamancha\x64\debug\transform.obj
d:\general info\new folder (10)\lamancha-engine\enginesource\lamancha\x64\debug\backend.obj
d:\general info\new folder (10)\lamancha-engine\enginesource\lamancha\x64\debug\camera.obj
d:\general info\new folder (10)\lamancha-engine\enginesource\lamancha\x64\debug\log.obj
d:\general info\new folder (10)\lamancha-engine\enginesource\lamancha\x64\debug\arena.obj
d:\general info\new folder (10)\lamancha-engine\enginesource\lamancha\x64\debug\pool.obj
d:\general info\new folder (10)\lamancha-engine\enginesource\lamancha\x64\debug\sync.obj
d:\general info\new folder (10)\lamancha-engine\enginesource\lamancha\x64\debug\thread.obj
d:\general info\new folder (10)\lamancha-engine\enginesource\lamancha\x64\debug\pch.obj
d:\general info\new folder (10)\lamancha-engine\enginesource\lamancha\x64\debug\lamanchaobject.obj
d:\general info\new folder (10)\lamancha-engine\enginesource\lamancha\x64\debug\main.obj
d:\general info\new folder (10)\lamancha-engine\enginesource\lamancha\x64\debug\heap.obj
d:\general info\new folder (10)\lamancha-engine\enginesource\x64\debug\lamancha.pdb
d:\general info\new folder (10)\lamancha-engine\enginesource\lamancha\x64\debug\lamancha.tlog\cl.command.1.tlog
d:\general info\new folder (10)\lamancha-engine\enginesource\lamancha\x64\debug\lamancha.tlog\cl.read.1.tlog
d:\general info\new folder (10)\lamancha-engine\enginesource\lamancha\x64\debug\lamancha.tlog\cl.write.1.tlog
d:\general info\new folder (10)\lamancha-engine\enginesource\lamancha\x64\debug\lamancha.tlog\link-cvtres.read.1.tlog
d:\general info\new folder (10)\lamancha-engine\enginesource\lamancha\x64\debug\lamancha.tlog\link-cvtres.write.1.tlog
d:\general info\new folder (10)\lamancha-engine\enginesource\lamancha\x64\debug\lamancha.tlog\link-rc.read.1.tlog
d:\general info\new folder (10)\lamancha-engine\enginesource\lamancha\x64\debug\lamancha.tlog\link-rc.write.1.tlog
d:\general info\new folder (10)\lamancha-engine\enginesource\lamancha\x64\debug\lamancha.tlog\link.command.1.tlog
d:\general info\new folder (10)\lamancha-engine\enginesource\lamancha\x64\debug\lamancha.tlog\link.read.1.tlog
d:\general info\new folder (10)\lamancha-engine\enginesource\lamancha\x64\debug\lamancha.tlog\link.read.2.tlog
d:\general info\new folder (10)\lamancha-engine\enginesource\lamancha\x64\debug\lamancha.tlog\link.write.1.tlog
